###############################################################################
#
# IAR ELF Linker V8.32.2.178/W32 for ARM                  22/Dec/2020  23:05:45
# Copyright 2007-2018 IAR Systems AB.
#
#    Output file  =  
#        D:\Repositories\Projects\C_tests\IAR_Workbech_SandBox\Debug\Exe\SandBox.out
#    Map file     =  
#        D:\Repositories\Projects\C_tests\IAR_Workbech_SandBox\Debug\List\SandBox.map
#    Command line =  
#        -f C:\Users\racas\AppData\Local\Temp\EWF026.tmp
#        (D:\Repositories\Projects\C_tests\IAR_Workbech_SandBox\Debug\Obj\main.o
#        --no_out_extension -o
#        D:\Repositories\Projects\C_tests\IAR_Workbech_SandBox\Debug\Exe\SandBox.out
#        --redirect _Printf=_PrintfFullNoMb --redirect _Scanf=_ScanfFullNoMb
#        --map
#        D:\Repositories\Projects\C_tests\IAR_Workbech_SandBox\Debug\List\SandBox.map
#        --config "C:\Program Files (x86)\IAR Systems\Embedded Workbench
#        8.2\arm\CONFIG\generic_cortex.icf" --semihosting --entry
#        __iar_program_start --vfe --text_out locale)
#
###############################################################################

*******************************************************************************
*** RUNTIME MODEL ATTRIBUTES
***

CppFlavor       = *
__SystemLibrary = DLib
__dlib_version  = 6


*******************************************************************************
*** HEAP SELECTION
***

The basic heap was selected because some modules are built with
size limitations (and not runtime checking), and --advanced_heap
was not specified.


*******************************************************************************
*** PLACEMENT SUMMARY
***

"A0":  place at 0x0 { ro section .intvec };
"P1":  place in [from 0x0 to 0x7'ffff] { ro };
define block CSTACK with size = 1K, alignment = 8 { };
define block PROC_STACK with size = 0M, alignment = 8 { };
define block HEAP with size = 2K, alignment = 8 { };
"P2":  place in [from 0x2000'0000 to 0x2000'ffff] {
          rw, block CSTACK, block PROC_STACK, block HEAP };
initialize by copy { rw };

  Section            Kind         Address    Size  Object
  -------            ----         -------    ----  ------
"A0":                                        0x40
  .intvec            ro code          0x0    0x40  vector_table_M.o [4]
                                   - 0x40    0x40

"P1":                                      0x1d1c
  .text              ro code         0x40   0xdf2  xprintffull_nomb.o [2]
  .text              ro code        0xe32     0x2  vector_table_M.o [4]
  .text              ro code        0xe34    0x16  strchr.o [4]
  .text              ro code        0xe4c    0x40  xfail_s.o [2]
  .text              ro code        0xe8c    0x36  strlen.o [4]
  .text              ro code        0xec4    0x58  memchr.o [4]
  .text              ro code        0xf1c   0x230  I64DivMod.o [4]
  .text              ro code       0x114c   0x1a2  DblMul.o [3]
  .text              ro code       0x12f0    0x76  ABImemcpy_unaligned.o [4]
  .text              ro code       0x1368    0x70  frexp.o [3]
  .text              ro code       0x13d8    0x2e  DblCmpLe.o [3]
  .text              ro code       0x1408    0x2e  DblCmpGe.o [3]
  .text              ro code       0x1438   0x13a  ldexp.o [3]
  .text              ro code       0x1574    0x3a  DblToS32.o [3]
  .text              ro code       0x15b0    0x22  S32ToDbl.o [3]
  .text              ro code       0x15d4    0xe2  DblSub.o [3]
  .text              ro code       0x16b8   0x246  DblDiv.o [3]
  .text              ro code       0x1900    0x28  DblToU32.o [3]
  .text              ro code       0x1928    0x1a  U32ToDbl.o [3]
  .text              ro code       0x1942     0x6  abort.o [2]
  .text              ro code       0x1948     0x2  I64DivZer.o [4]
  .text              ro code       0x194c   0x16a  DblAdd.o [3]
  .text              ro code       0x1ab8    0x14  exit.o [5]
  .text              ro code       0x1acc    0x80  iarttio.o [5]
  .text              ro code       0x1b4c    0x3c  XShttio.o [2]
  .text              ro code       0x1b88    0x38  packbits_init_single.o [4]
  .text              ro code       0x1bc0    0x30  main.o [1]
  .text              ro code       0x1bf0    0x28  printf.o [2]
  .text              ro code       0x1c18    0x28  data_init.o [4]
  .text              ro code       0x1c40    0x22  iarwrite.o [5]
  .iar.init_table    const         0x1c64    0x10  - Linker created -
  .text              ro code       0x1c74    0x20  putchar.o [2]
  .text              ro code       0x1c94    0x10  write.o [5]
  .text              ro code       0x1ca4    0x1e  dwrite.o [5]
  .text              ro code       0x1cc2    0x20  iarwstd.o [5]
  .text              ro code       0x1ce4    0x1e  cmain.o [4]
  .text              ro code       0x1d02     0x4  low_level_init.o [2]
  .text              ro code       0x1d06     0x4  exit.o [2]
  .text              ro code       0x1d0c     0xa  cexit.o [4]
  .text              ro code       0x1d16    0x16  xprout.o [2]
  .text              ro code       0x1d2c     0xc  cstartup_M.o [4]
  .rodata            const         0x1d38     0x8  main.o [1]
  .rodata            const         0x1d40     0x8  main.o [1]
  .rodata            const         0x1d48     0x8  main.o [1]
  .rodata            const         0x1d50     0x8  main.o [1]
  .rodata            const         0x1d58     0x0  packbits_init_single.o [4]
  Initializer bytes  const         0x1d58     0x4  <for P2-1>
                                 - 0x1d5c  0x1d1c

"P2", part 1 of 2:                            0xd
  P2-1                        0x2000'0000     0xd  <Init block>
    .data            inited   0x2000'0000     0x8  XShttio.o [2]
    .bss             inited   0x2000'0008     0x4  xfail_s.o [2]
    .bss             inited   0x2000'000c     0x1  XShttio.o [2]
                            - 0x2000'000d     0xd

"P2", part 2 of 2:                          0x400
  CSTACK                      0x2000'0010   0x400  <Block>
    CSTACK           uninit   0x2000'0010   0x400  <Block tail>
                            - 0x2000'0410   0x400

Unused ranges:

         From           To      Size
         ----           --      ----
       0x1d5c     0x7'ffff  0x7'e2a4
  0x2000'000d  0x2000'000f       0x3
  0x2000'0410  0x2000'ffff    0xfbf0


*******************************************************************************
*** INIT TABLE
***

          Address      Size
          -------      ----
Copy/packbits (__iar_packbits_init_single3)
    1 source range, total size 0x4 (30% of destination):
               0x1d58   0x4
    1 destination range, total size 0xd:
          0x2000'0000   0xd



*******************************************************************************
*** MODULE SUMMARY
***

    Module                  ro code  ro data  rw data
    ------                  -------  -------  -------
command line/config:
    -------------------------------------------------
    Total:

D:\Repositories\Projects\C_tests\IAR_Workbech_SandBox\Debug\Obj: [1]
    main.o                       48       32
    -------------------------------------------------
    Total:                       48       32

dl7M_tln.a: [2]
    XShttio.o                    60        3        9
    abort.o                       6
    exit.o                        4
    low_level_init.o              4
    printf.o                     40
    putchar.o                    32
    xfail_s.o                    64        1        4
    xprintffull_nomb.o        3 570
    xprout.o                     22
    -------------------------------------------------
    Total:                    3 802        4       13

m7M_tl.a: [3]
    DblAdd.o                    362
    DblCmpGe.o                   46
    DblCmpLe.o                   46
    DblDiv.o                    582
    DblMul.o                    418
    DblSub.o                    226
    DblToS32.o                   58
    DblToU32.o                   40
    S32ToDbl.o                   34
    U32ToDbl.o                   26
    frexp.o                     112
    ldexp.o                     314
    -------------------------------------------------
    Total:                    2 264

rt7M_tl.a: [4]
    ABImemcpy_unaligned.o       118
    I64DivMod.o                 560
    I64DivZer.o                   2
    cexit.o                      10
    cmain.o                      30
    cstartup_M.o                 12
    data_init.o                  40
    memchr.o                     88
    packbits_init_single.o       56
    strchr.o                     22
    strlen.o                     54
    vector_table_M.o             66
    -------------------------------------------------
    Total:                    1 058

shb_l.a: [5]
    dwrite.o                     30
    exit.o                       20
    iarttio.o                   128
    iarwrite.o                   34
    iarwstd.o                    32
    write.o                      16
    -------------------------------------------------
    Total:                      260

    Gaps                         30        2
    Linker created                        16    1 024
-----------------------------------------------------
    Grand Total:              7 462       54    1 037


*******************************************************************************
*** ENTRY LIST
***

Entry                       Address   Size  Type      Object
-----                       -------   ----  ----      ------
.iar.init_table$$Base        0x1c64          --   Gb  - Linker created -
.iar.init_table$$Limit       0x1c74          --   Gb  - Linker created -
?main                        0x1ce5         Code  Gb  cmain.o [4]
CSTACK$$Base            0x2000'0010          --   Gb  - Linker created -
CSTACK$$Limit           0x2000'0410          --   Gb  - Linker created -
LoadInt                       0x1ef   0x7a  Code  Lc  xprintffull_nomb.o [2]
Region$$Table$$Base          0x1c64          --   Gb  - Linker created -
Region$$Table$$Limit         0x1c74          --   Gb  - Linker created -
_GenldFullNoMb                0xb31  0x274  Code  Lc  xprintffull_nomb.o [2]
_LdtobFullNoMb                0x72d  0x3d6  Code  Lc  xprintffull_nomb.o [2]
_LitobFullNoMb                0x5dd  0x10a  Code  Lc  xprintffull_nomb.o [2]
_PrintfFullNoMb                0x41  0x19e  Code  Gb  xprintffull_nomb.o [2]
_Prout                       0x1d17   0x16  Code  Gb  xprout.o [2]
_PutcharsFullNoMb             0xda5   0x2e  Code  Lc  xprintffull_nomb.o [2]
_PutfldFullNoMb               0x269  0x268  Code  Lc  xprintffull_nomb.o [2]
_PuttxtFullNoMb               0x4d1  0x10c  Code  Lc  xprintffull_nomb.o [2]
__aeabi_cdcmple              0x13d9         Code  Gb  DblCmpLe.o [3]
__aeabi_cdrcmple             0x1409         Code  Gb  DblCmpGe.o [3]
__aeabi_d2iz                 0x1575         Code  Gb  DblToS32.o [3]
__aeabi_d2uiz                0x1901         Code  Gb  DblToU32.o [3]
__aeabi_ddiv                 0x16b9         Code  Gb  DblDiv.o [3]
__aeabi_dmul                 0x114d         Code  Gb  DblMul.o [3]
__aeabi_dsub                 0x15d5         Code  Gb  DblSub.o [3]
__aeabi_i2d                  0x15b1         Code  Gb  S32ToDbl.o [3]
__aeabi_ldiv0                0x1949         Code  Gb  I64DivZer.o [4]
__aeabi_ui2d                 0x1929         Code  Gb  U32ToDbl.o [3]
__aeabi_uldivmod              0xf1d         Code  Gb  I64DivMod.o [4]
__cmain                      0x1ce5         Code  Gb  cmain.o [4]
__dwrite                     0x1ca5   0x1e  Code  Gb  dwrite.o [5]
__exit                       0x1ab9   0x14  Code  Gb  exit.o [5]
__iar_Fail_s                  0xe4d   0x1c  Code  Gb  xfail_s.o [2]
__iar_Memchr                  0xec5         Code  Gb  memchr.o [4]
__iar_Strchr                  0xe35         Code  Gb  strchr.o [4]
__iar_close_ttio             0x1acd   0x2e  Code  Gb  iarttio.o [5]
__iar_dadd                   0x15e5         Code  Gb  DblSub.o [3]
__iar_data_init3             0x1c19   0x28  Code  Gb  data_init.o [4]
__iar_dsub                   0x194d         Code  Gb  DblAdd.o [3]
__iar_dsubStart              0x195f         Code  Gb  DblAdd.o [3]
__iar_frexp                  0x1375         Code  Gb  frexp.o [3]
__iar_frexp64                0x1369         Code  Gb  frexp.o [3]
__iar_frexpl                 0x1375         Code  Gb  frexp.o [3]
__iar_get_ttio               0x1afd   0x4c  Code  Gb  iarttio.o [5]
__iar_ldexp64                0x1439         Code  Gb  ldexp.o [3]
__iar_lookup_ttioh           0x1b7b    0x4  Code  Gb  XShttio.o [2]
__iar_packbits_init_single3
                             0x1b89   0x38  Code  Gb  packbits_init_single.o [4]
__iar_program_start          0x1d2d         Code  Gb  cstartup_M.o [4]
__iar_scalbln64              0x1439         Code  Gb  ldexp.o [3]
__iar_scalbn64               0x1439         Code  Gb  ldexp.o [3]
__iar_sh_stdout              0x1cc3   0x20  Code  Gb  iarwstd.o [5]
__iar_sh_write               0x1c41   0x22  Code  Gb  iarwrite.o [5]
__iar_ttio_guard_lock        0x1b4d   0x1e  Code  Gb  XShttio.o [2]
__iar_ttio_guard_unlock
                             0x1b6b   0x10  Code  Gb  XShttio.o [2]
__iar_ttio_handles      0x2000'0000    0x8  Data  Lc  XShttio.o [2]
__iar_unaligned_memcpy       0x12f1         Code  Gb  ABImemcpy_unaligned.o [4]
__iar_unaligned_memcpy4
                             0x1311         Code  Gb  ABImemcpy_unaligned.o [4]
__iar_unaligned_memcpy8
                             0x1311         Code  Gb  ABImemcpy_unaligned.o [4]
__low_level_init             0x1d03    0x4  Code  Gb  low_level_init.o [2]
__vector_table                  0x0         Data  Gb  vector_table_M.o [4]
__write                      0x1c95   0x10  Code  Gb  write.o [5]
_call_main                   0x1cf1         Code  Gb  cmain.o [4]
_exit                        0x1d0d         Code  Gb  cexit.o [4]
_main                        0x1cff         Code  Gb  cmain.o [4]
abort                        0x1943    0x6  Code  Gb  abort.o [2]
exit                         0x1d07    0x4  Code  Gb  exit.o [2]
frexp                        0x1369         Code  Gb  frexp.o [3]
frexpl                       0x1369         Code  Gb  frexp.o [3]
ldexp                        0x1439         Code  Gb  ldexp.o [3]
ldexpl                       0x1439         Code  Gb  ldexp.o [3]
main                         0x1bc1   0x30  Code  Gb  main.o [1]
memchr                        0xec5         Code  Gb  memchr.o [4]
printf                       0x1bf1   0x28  Code  Gb  printf.o [2]
putchar                      0x1c75   0x20  Code  Gb  putchar.o [2]
scalbln                      0x1439         Code  Gb  ldexp.o [3]
scalblnl                     0x1439         Code  Gb  ldexp.o [3]
scalbn                       0x1439         Code  Gb  ldexp.o [3]
scalbnl                      0x1439         Code  Gb  ldexp.o [3]
scale                         0x6e7   0x46  Code  Lc  xprintffull_nomb.o [2]
sec_hand                0x2000'0008    0x4  Data  Lc  xfail_s.o [2]
strchr                        0xe35         Code  Gb  strchr.o [4]
strlen                        0xe8d         Code  Gb  strlen.o [4]
ttio_guard              0x2000'000c    0x1  Data  Lc  XShttio.o [2]


[1] = D:\Repositories\Projects\C_tests\IAR_Workbech_SandBox\Debug\Obj
[2] = dl7M_tln.a
[3] = m7M_tl.a
[4] = rt7M_tl.a
[5] = shb_l.a

  7 462 bytes of readonly  code memory
     54 bytes of readonly  data memory
  1 037 bytes of readwrite data memory

Errors: none
Warnings: none
